Running structured test cases from test_cases.py

Case 1
Valacyclovir 1 gm - take 1 tablet by mouth twice daily prn (qty 28)
============================================================
--- PARSED INPUT ---
Drug: Valacyclovir 1 gm
SIG: take 1 tablet by mouth twice daily prn
Quantity: 28
Frequency: twice daily
--- SCAN SIGNAL ---
